[Wed Jun 15 11:44:44.116615 2016] [ssl:warn] [pid 2448:tid 360] AH01873: Init: Session Cache is not configured [hint: SSLSessionCache]
[Wed Jun 15 11:44:44.152702 2016] [mpm_winnt:notice] [pid 2448:tid 360] AH00455: Apache/2.4.6 (Win32) OpenSSL/0.9.8y PHP/5.4.0 configured -- resuming normal operations
[Wed Jun 15 11:44:44.152702 2016] [mpm_winnt:notice] [pid 2448:tid 360] AH00456: Apache Lounge VC10 Server built: Jul 16 2013 11:02:15
[Wed Jun 15 11:44:44.152702 2016] [core:notice] [pid 2448:tid 360] AH00094: Command line: 'C:\\wamp\\apache2\\bin\\httpd.exe -d C:/wamp/apache2'
[Wed Jun 15 11:44:44.154706 2016] [mpm_winnt:notice] [pid 2448:tid 360] AH00418: Parent: Created child process 2092
[Wed Jun 15 11:44:45.878834 2016] [ssl:warn] [pid 2092:tid 256] AH01873: Init: Session Cache is not configured [hint: SSLSessionCache]
[Wed Jun 15 11:44:45.912916 2016] [mpm_winnt:notice] [pid 2092:tid 256] AH00354: Child: Starting 64 worker threads.
[Wed Jun 15 11:46:33.230862 2016] [core:warn] [pid 4520:tid 356] AH00098: pid file C:/wamp/apache2/logs/httpd.pid overwritten -- Unclean shutdown of previous Apache run?
[Wed Jun 15 11:46:33.774163 2016] [ssl:warn] [pid 4520:tid 356] AH01873: Init: Session Cache is not configured [hint: SSLSessionCache]
[Wed Jun 15 11:46:33.806240 2016] [mpm_winnt:notice] [pid 4520:tid 356] AH00455: Apache/2.4.6 (Win32) OpenSSL/0.9.8y PHP/5.4.0 configured -- resuming normal operations
[Wed Jun 15 11:46:33.806240 2016] [mpm_winnt:notice] [pid 4520:tid 356] AH00456: Apache Lounge VC10 Server built: Jul 16 2013 11:02:15
[Wed Jun 15 11:46:33.806240 2016] [core:notice] [pid 4520:tid 356] AH00094: Command line: 'C:\\www\\nspo_esok\\WebServer\\wamp\\apache2\\bin\\httpd.exe -d C:/www/nspo_esok/WebServer/wamp/apache2'
[Wed Jun 15 11:46:33.808245 2016] [mpm_winnt:notice] [pid 4520:tid 356] AH00418: Parent: Created child process 2148
[Wed Jun 15 11:46:35.709798 2016] [ssl:warn] [pid 2148:tid 252] AH01873: Init: Session Cache is not configured [hint: SSLSessionCache]
[Wed Jun 15 11:46:35.744882 2016] [mpm_winnt:notice] [pid 2148:tid 252] AH00354: Child: Starting 64 worker threads.
[Wed Jun 15 11:48:15.366401 2016] [mpm_winnt:notice] [pid 4520:tid 356] AH00422: Parent: Received shutdown signal -- Shutting down the server.
[Wed Jun 15 11:48:17.373206 2016] [mpm_winnt:notice] [pid 2148:tid 252] AH00364: Child: All worker threads have exited.
[Wed Jun 15 11:48:17.445378 2016] [mpm_winnt:notice] [pid 4520:tid 356] AH00430: Parent: Child process 2148 exited successfully.
[Wed Jun 15 11:48:21.710590 2016] [ssl:warn] [pid 2216:tid 352] AH01873: Init: Session Cache is not configured [hint: SSLSessionCache]
[Wed Jun 15 11:48:21.760710 2016] [mpm_winnt:notice] [pid 2216:tid 352] AH00455: Apache/2.4.6 (Win32) OpenSSL/0.9.8y PHP/5.4.0 configured -- resuming normal operations
[Wed Jun 15 11:48:21.760710 2016] [mpm_winnt:notice] [pid 2216:tid 352] AH00456: Apache Lounge VC10 Server built: Jul 16 2013 11:02:15
[Wed Jun 15 11:48:21.760710 2016] [core:notice] [pid 2216:tid 352] AH00094: Command line: 'C:\\www\\nspo_esok\\WebServer\\wamp\\apache2\\bin\\httpd.exe -d C:/www/nspo_esok/WebServer/wamp/apache2'
[Wed Jun 15 11:48:21.763718 2016] [mpm_winnt:notice] [pid 2216:tid 352] AH00418: Parent: Created child process 2372
[Wed Jun 15 11:48:23.364550 2016] [ssl:warn] [pid 2372:tid 252] AH01873: Init: Session Cache is not configured [hint: SSLSessionCache]
[Wed Jun 15 11:48:23.394622 2016] [mpm_winnt:notice] [pid 2372:tid 252] AH00354: Child: Starting 64 worker threads.
[Wed Jun 15 13:09:16.852931 2016] [cgi:error] [pid 2372:tid 960] [client 123.241.29.62:61073] malformed header from script 'api.py': Bad header: 123.241.29.62, referer: http://ip7.gis.tw/big/index.py?op=api_tester
[Wed Jun 15 13:09:46.362639 2016] [cgi:error] [pid 2372:tid 960] [client 123.241.29.62:62740] End of script output before headers: api.py
[Wed Jun 15 13:09:49.599353 2016] [cgi:error] [pid 2372:tid 960] [client 123.241.29.62:20659] End of script output before headers: api.py, referer: http://ip7.gis.tw/big/index.py?op=api_tester
[Wed Jun 15 13:11:16.549210 2016] [cgi:error] [pid 2372:tid 1012] [client 192.168.3.108:65027] End of script output before headers: api.py
[Wed Jun 15 13:11:50.483990 2016] [cgi:error] [pid 2372:tid 972] [client 192.168.6.114:65250] script not found or unable to stat: C:/www/nspo_esok/SourceCode/api.py
[Wed Jun 15 13:12:34.130918 2016] [cgi:error] [pid 2372:tid 1012] [client 192.168.6.114:65266] script not found or unable to stat: C:/www/nspo_esok/SourceCode/api.py
[Wed Jun 15 13:12:35.757093 2016] [cgi:error] [pid 2372:tid 1012] [client 192.168.6.114:65266] script not found or unable to stat: C:/www/nspo_esok/SourceCode/api.py
[Wed Jun 15 13:27:30.100739 2016] [cgi:error] [pid 2372:tid 964] [client 192.168.6.114:65530] Script timed out before returning headers: api.py
[Wed Jun 15 14:38:02.197074 2016] [cgi:error] [pid 2372:tid 964] [client 125.136.86.207:55999] script not found or unable to stat: C:/wamp/apache2/cgi-bin/wlogin.cgi
[Wed Jun 15 15:32:07.068664 2016] [cgi:error] [pid 2372:tid 968] [client 192.168.6.114:49445] Script timed out before returning headers: api.py, referer: http://192.168.8.91/big/index.py?op=api_tester
[Wed Jun 15 15:38:19.296601 2016] [cgi:error] [pid 2372:tid 968] [client 192.168.6.114:49507] Script timed out before returning headers: api.py, referer: http://192.168.8.91/big/index.py?op=api_tester
[Wed Jun 15 15:50:11.482161 2016] [core:alert] [pid 2372:tid 968] [client 192.168.3.108:59497] C:/www/nspo_esok/SourceCode/big/.htaccess: Timeout not allowed here, referer: http://192.168.8.91/big/index.py?op=api_tester
[Wed Jun 15 15:50:23.132207 2016] [core:alert] [pid 2372:tid 968] [client 192.168.3.108:59502] C:/www/nspo_esok/SourceCode/big/.htaccess: Timeout not allowed here, referer: http://192.168.8.91/big/index.py?op=api_tester
[Wed Jun 15 15:53:20.469494 2016] [mpm_winnt:notice] [pid 2448:tid 360] AH00422: Parent: Received shutdown signal -- Shutting down the server.
[Wed Jun 15 15:53:22.475296 2016] [mpm_winnt:notice] [pid 2092:tid 256] AH00364: Child: All worker threads have exited.
[Wed Jun 15 15:53:22.529426 2016] [mpm_winnt:notice] [pid 2448:tid 360] AH00430: Parent: Child process 2092 exited successfully.
[Wed Jun 15 15:53:24.541243 2016] [mpm_winnt:notice] [pid 2216:tid 352] AH00422: Parent: Received shutdown signal -- Shutting down the server.
[Wed Jun 15 15:53:26.548048 2016] [mpm_winnt:notice] [pid 2372:tid 252] AH00364: Child: All worker threads have exited.
[Wed Jun 15 15:53:26.620220 2016] [mpm_winnt:notice] [pid 2216:tid 352] AH00430: Parent: Child process 2372 exited successfully.
[Wed Jun 15 15:53:26.620220 2016] [core:error] [pid 2216:tid 352] (OS 2)系統找不到指定的檔案。  : AH00095: failed to remove PID file C:/wamp/apache2/logs/httpd.pid
[Wed Jun 15 15:54:10.875178 2016] [ssl:warn] [pid 3748:tid 352] AH01873: Init: Session Cache is not configured [hint: SSLSessionCache]
[Wed Jun 15 15:54:10.905250 2016] [mpm_winnt:notice] [pid 3748:tid 352] AH00455: Apache/2.4.6 (Win32) OpenSSL/0.9.8y PHP/5.4.0 configured -- resuming normal operations
[Wed Jun 15 15:54:10.905250 2016] [mpm_winnt:notice] [pid 3748:tid 352] AH00456: Apache Lounge VC10 Server built: Jul 16 2013 11:02:15
[Wed Jun 15 15:54:10.906252 2016] [core:notice] [pid 3748:tid 352] AH00094: Command line: 'C:\\www\\nspo_esok\\WebServer\\wamp\\apache2\\bin\\httpd.exe -d C:/www/nspo_esok/WebServer/wamp/apache2'
[Wed Jun 15 15:54:10.908257 2016] [mpm_winnt:notice] [pid 3748:tid 352] AH00418: Parent: Created child process 2184
[Wed Jun 15 15:54:12.716587 2016] [ssl:warn] [pid 2184:tid 252] AH01873: Init: Session Cache is not configured [hint: SSLSessionCache]
[Wed Jun 15 15:54:12.768712 2016] [mpm_winnt:notice] [pid 2184:tid 252] AH00354: Child: Starting 64 worker threads.
[Wed Jun 15 15:55:20.025742 2016] [cgi:error] [pid 2184:tid 1012] [client 192.168.3.108:59644] Script timed out before returning headers: api.py, referer: http://192.168.8.91/big/index.py?op=api_tester
[Wed Jun 15 15:55:33.959102 2016] [mpm_winnt:notice] [pid 3748:tid 352] AH00422: Parent: Received shutdown signal -- Shutting down the server.
[Wed Jun 15 15:55:35.964904 2016] [mpm_winnt:notice] [pid 2184:tid 252] AH00364: Child: All worker threads have exited.
[Wed Jun 15 15:55:36.009010 2016] [mpm_winnt:notice] [pid 3748:tid 352] AH00430: Parent: Child process 2184 exited successfully.
[Wed Jun 15 15:55:38.081973 2016] [ssl:warn] [pid 1180:tid 352] AH01873: Init: Session Cache is not configured [hint: SSLSessionCache]
[Wed Jun 15 15:55:38.118060 2016] [mpm_winnt:notice] [pid 1180:tid 352] AH00455: Apache/2.4.6 (Win32) OpenSSL/0.9.8y PHP/5.4.0 configured -- resuming normal operations
[Wed Jun 15 15:55:38.118060 2016] [mpm_winnt:notice] [pid 1180:tid 352] AH00456: Apache Lounge VC10 Server built: Jul 16 2013 11:02:15
[Wed Jun 15 15:55:38.118060 2016] [core:notice] [pid 1180:tid 352] AH00094: Command line: 'C:\\www\\nspo_esok\\WebServer\\wamp\\apache2\\bin\\httpd.exe -d C:/www/nspo_esok/WebServer/wamp/apache2'
[Wed Jun 15 15:55:38.121067 2016] [mpm_winnt:notice] [pid 1180:tid 352] AH00418: Parent: Created child process 4788
[Wed Jun 15 15:55:39.854216 2016] [ssl:warn] [pid 4788:tid 252] AH01873: Init: Session Cache is not configured [hint: SSLSessionCache]
[Wed Jun 15 15:55:39.910351 2016] [mpm_winnt:notice] [pid 4788:tid 252] AH00354: Child: Starting 64 worker threads.
[Wed Jun 15 15:55:42.376255 2016] [cgi:error] [pid 4788:tid 912] [client 192.168.3.108:59648] Script timed out before returning headers: api.py, referer: http://192.168.8.91/big/index.py?op=api_tester
[Wed Jun 15 15:55:55.984837 2016] [mpm_winnt:notice] [pid 1180:tid 352] AH00422: Parent: Received shutdown signal -- Shutting down the server.
[Wed Jun 15 15:55:57.989637 2016] [mpm_winnt:notice] [pid 4788:tid 252] AH00364: Child: All worker threads have exited.
[Wed Jun 15 15:55:58.044769 2016] [mpm_winnt:notice] [pid 1180:tid 352] AH00430: Parent: Child process 4788 exited successfully.
[Wed Jun 15 15:56:00.185896 2016] [ssl:warn] [pid 2236:tid 352] AH01873: Init: Session Cache is not configured [hint: SSLSessionCache]
[Wed Jun 15 15:56:00.222984 2016] [mpm_winnt:notice] [pid 2236:tid 352] AH00455: Apache/2.4.6 (Win32) OpenSSL/0.9.8y PHP/5.4.0 configured -- resuming normal operations
[Wed Jun 15 15:56:00.222984 2016] [mpm_winnt:notice] [pid 2236:tid 352] AH00456: Apache Lounge VC10 Server built: Jul 16 2013 11:02:15
[Wed Jun 15 15:56:00.222984 2016] [core:notice] [pid 2236:tid 352] AH00094: Command line: 'C:\\www\\nspo_esok\\WebServer\\wamp\\apache2\\bin\\httpd.exe -d C:/www/nspo_esok/WebServer/wamp/apache2'
[Wed Jun 15 15:56:00.224989 2016] [mpm_winnt:notice] [pid 2236:tid 352] AH00418: Parent: Created child process 568
[Wed Jun 15 15:56:01.782719 2016] [ssl:warn] [pid 568:tid 252] AH01873: Init: Session Cache is not configured [hint: SSLSessionCache]
[Wed Jun 15 15:56:01.816800 2016] [mpm_winnt:notice] [pid 568:tid 252] AH00354: Child: Starting 64 worker threads.
[Wed Jun 15 15:56:04.186474 2016] [cgi:error] [pid 568:tid 1012] [client 192.168.3.108:59659] End of script output before headers: api.py, referer: http://192.168.8.91/big/index.py?op=api_tester
[Wed Jun 15 15:56:08.066764 2016] [cgi:error] [pid 568:tid 1012] [client 192.168.3.108:59661] End of script output before headers: api.py, referer: http://192.168.8.91/big/index.py?op=api_tester
[Wed Jun 15 15:56:09.328786 2016] [cgi:error] [pid 568:tid 1012] [client 192.168.3.108:59662] End of script output before headers: api.py, referer: http://192.168.8.91/big/index.py?op=api_tester
[Wed Jun 15 15:56:18.865620 2016] [mpm_winnt:notice] [pid 2236:tid 352] AH00422: Parent: Received shutdown signal -- Shutting down the server.
[Wed Jun 15 15:56:20.871422 2016] [mpm_winnt:notice] [pid 568:tid 252] AH00364: Child: All worker threads have exited.
[Wed Jun 15 15:56:20.920540 2016] [mpm_winnt:notice] [pid 2236:tid 352] AH00430: Parent: Child process 568 exited successfully.
[Wed Jun 15 15:56:23.052644 2016] [ssl:warn] [pid 1820:tid 352] AH01873: Init: Session Cache is not configured [hint: SSLSessionCache]
[Wed Jun 15 15:56:23.092740 2016] [mpm_winnt:notice] [pid 1820:tid 352] AH00455: Apache/2.4.6 (Win32) OpenSSL/0.9.8y PHP/5.4.0 configured -- resuming normal operations
[Wed Jun 15 15:56:23.092740 2016] [mpm_winnt:notice] [pid 1820:tid 352] AH00456: Apache Lounge VC10 Server built: Jul 16 2013 11:02:15
[Wed Jun 15 15:56:23.092740 2016] [core:notice] [pid 1820:tid 352] AH00094: Command line: 'C:\\www\\nspo_esok\\WebServer\\wamp\\apache2\\bin\\httpd.exe -d C:/www/nspo_esok/WebServer/wamp/apache2'
[Wed Jun 15 15:56:23.094745 2016] [mpm_winnt:notice] [pid 1820:tid 352] AH00418: Parent: Created child process 5084
[Wed Jun 15 15:56:24.740686 2016] [ssl:warn] [pid 5084:tid 252] AH01873: Init: Session Cache is not configured [hint: SSLSessionCache]
[Wed Jun 15 15:56:24.776772 2016] [mpm_winnt:notice] [pid 5084:tid 252] AH00354: Child: Starting 64 worker threads.
[Wed Jun 15 15:57:23.385096 2016] [mpm_winnt:notice] [pid 1820:tid 352] AH00422: Parent: Received shutdown signal -- Shutting down the server.
[Wed Jun 15 15:57:25.389896 2016] [mpm_winnt:notice] [pid 5084:tid 252] AH00364: Child: All worker threads have exited.
[Wed Jun 15 15:57:25.439013 2016] [mpm_winnt:notice] [pid 1820:tid 352] AH00430: Parent: Child process 5084 exited successfully.
[Wed Jun 15 15:57:27.504960 2016] [ssl:warn] [pid 3456:tid 352] AH01873: Init: Session Cache is not configured [hint: SSLSessionCache]
[Wed Jun 15 15:57:27.557084 2016] [mpm_winnt:notice] [pid 3456:tid 352] AH00455: Apache/2.4.6 (Win32) OpenSSL/0.9.8y PHP/5.4.0 configured -- resuming normal operations
[Wed Jun 15 15:57:27.557084 2016] [mpm_winnt:notice] [pid 3456:tid 352] AH00456: Apache Lounge VC10 Server built: Jul 16 2013 11:02:15
[Wed Jun 15 15:57:27.557084 2016] [core:notice] [pid 3456:tid 352] AH00094: Command line: 'C:\\www\\nspo_esok\\WebServer\\wamp\\apache2\\bin\\httpd.exe -d C:/www/nspo_esok/WebServer/wamp/apache2'
[Wed Jun 15 15:57:27.563099 2016] [mpm_winnt:notice] [pid 3456:tid 352] AH00418: Parent: Created child process 2472
[Wed Jun 15 15:57:29.252143 2016] [ssl:warn] [pid 2472:tid 252] AH01873: Init: Session Cache is not configured [hint: SSLSessionCache]
[Wed Jun 15 15:57:29.287227 2016] [mpm_winnt:notice] [pid 2472:tid 252] AH00354: Child: Starting 64 worker threads.
[Wed Jun 15 15:58:14.472412 2016] [core:warn] [pid 2256:tid 360] AH00098: pid file C:/wamp/apache2/logs/httpd.pid overwritten -- Unclean shutdown of previous Apache run?
[Wed Jun 15 15:58:14.972609 2016] [ssl:warn] [pid 2256:tid 360] AH01873: Init: Session Cache is not configured [hint: SSLSessionCache]
[Wed Jun 15 15:58:15.003684 2016] [mpm_winnt:notice] [pid 2256:tid 360] AH00455: Apache/2.4.6 (Win32) OpenSSL/0.9.8y PHP/5.4.0 configured -- resuming normal operations
[Wed Jun 15 15:58:15.003684 2016] [mpm_winnt:notice] [pid 2256:tid 360] AH00456: Apache Lounge VC10 Server built: Jul 16 2013 11:02:15
[Wed Jun 15 15:58:15.003684 2016] [core:notice] [pid 2256:tid 360] AH00094: Command line: 'C:\\wamp\\apache2\\bin\\httpd.exe -d C:/wamp/apache2'
[Wed Jun 15 15:58:15.009698 2016] [mpm_winnt:notice] [pid 2256:tid 360] AH00418: Parent: Created child process 5100
[Wed Jun 15 15:58:16.657644 2016] [ssl:warn] [pid 5100:tid 256] AH01873: Init: Session Cache is not configured [hint: SSLSessionCache]
[Wed Jun 15 15:58:17.046575 2016] [mpm_winnt:notice] [pid 5100:tid 256] AH00354: Child: Starting 64 worker threads.
[Thu Jun 16 07:42:14.365496 2016] [:error] [pid 2472:tid 1016] [client 185.25.148.240:38867] script 'C:/www/nspo_esok/SourceCode/testproxy.php' not found or unable to stat
[Thu Jun 16 08:29:26.021244 2016] [cgi:error] [pid 2472:tid 1000] [client 115.230.125.146:1529] script not found or unable to stat: C:/wamp/apache2/cgi-bin/common
[Thu Jun 16 15:56:59.044443 2016] [cgi:error] [pid 2472:tid 1016] [client 115.239.228.8:41669] script not found or unable to stat: C:/wamp/apache2/cgi-bin/common
[Thu Jun 16 20:11:47.810499 2016] [core:error] [pid 2472:tid 1004] [client 169.229.3.91:52921] AH00126: Invalid URI in request \xf2g10\r\x98\xce\xcf\xcfb`\xe4]S\x9b5\xe5\xcc)K\xf5\xd5\xf0\x8b]Ji\xf75\xb2@\xe8K\xd4k?\xa1p\xb3ZR\x12)qX]E\x19\xce
[Fri Jun 17 02:20:21.780707 2016] [cgi:error] [pid 2472:tid 1004] [client 115.230.125.146:3841] script not found or unable to stat: C:/wamp/apache2/cgi-bin/common
[Fri Jun 17 06:55:23.002018 2016] [:error] [pid 2472:tid 1004] [client 91.196.50.33:46134] script 'C:/www/nspo_esok/SourceCode/testproxy.php' not found or unable to stat
[Fri Jun 17 14:01:41.897872 2016] [cgi:error] [pid 2472:tid 1028] [client 115.230.125.146:4105] script not found or unable to stat: C:/wamp/apache2/cgi-bin/common
[Fri Jun 17 15:28:29.147739 2016] [cgi:error] [pid 2472:tid 1016] [client 192.168.3.108:53745] End of script output before headers: rain.py, referer: http://192.168.8.91/big/index.py?op=rain&date=2016-06
[Fri Jun 17 15:28:29.147739 2016] [cgi:error] [pid 2472:tid 1016] [client 192.168.3.108:53745] AH01215:   File "C:/www/nspo_esok/SourceCode/big/rain.py", line 25\r, referer: http://192.168.8.91/big/index.py?op=rain&date=2016-06
[Fri Jun 17 15:28:29.147739 2016] [cgi:error] [pid 2472:tid 1016] [client 192.168.3.108:53745] AH01215:     break;\r, referer: http://192.168.8.91/big/index.py?op=rain&date=2016-06
[Fri Jun 17 15:28:29.147739 2016] [cgi:error] [pid 2472:tid 1016] [client 192.168.3.108:53745] AH01215: SyntaxError: 'break' outside loop\r, referer: http://192.168.8.91/big/index.py?op=rain&date=2016-06
[Fri Jun 17 15:29:04.614877 2016] [cgi:error] [pid 2472:tid 1016] [client 192.168.3.108:53750] End of script output before headers: rain.py, referer: http://192.168.8.91/big/index.py?op=rain&date=2016-06
[Fri Jun 17 15:29:04.614877 2016] [cgi:error] [pid 2472:tid 1016] [client 192.168.3.108:53750] AH01215:   File "C:/www/nspo_esok/SourceCode/big/rain.py", line 27\r, referer: http://192.168.8.91/big/index.py?op=rain&date=2016-06
[Fri Jun 17 15:29:04.614877 2016] [cgi:error] [pid 2472:tid 1016] [client 192.168.3.108:53750] AH01215:     break;\r, referer: http://192.168.8.91/big/index.py?op=rain&date=2016-06
[Fri Jun 17 15:29:04.614877 2016] [cgi:error] [pid 2472:tid 1016] [client 192.168.3.108:53750] AH01215: SyntaxError: 'break' outside loop\r, referer: http://192.168.8.91/big/index.py?op=rain&date=2016-06
[Fri Jun 17 15:29:37.078843 2016] [cgi:error] [pid 2472:tid 1004] [client 192.168.3.108:53767] End of script output before headers: rain.py, referer: http://192.168.8.91/big/index.py?op=rain&date=2016-06
[Fri Jun 17 15:29:37.078843 2016] [cgi:error] [pid 2472:tid 1004] [client 192.168.3.108:53767] AH01215:   File "C:/www/nspo_esok/SourceCode/big/rain.py", line 27\r, referer: http://192.168.8.91/big/index.py?op=rain&date=2016-06
[Fri Jun 17 15:29:37.078843 2016] [cgi:error] [pid 2472:tid 1004] [client 192.168.3.108:53767] AH01215:     break;\r, referer: http://192.168.8.91/big/index.py?op=rain&date=2016-06
[Fri Jun 17 15:29:37.078843 2016] [cgi:error] [pid 2472:tid 1004] [client 192.168.3.108:53767] AH01215: SyntaxError: 'break' outside loop\r, referer: http://192.168.8.91/big/index.py?op=rain&date=2016-06
[Fri Jun 17 15:29:54.218233 2016] [cgi:error] [pid 2472:tid 1020] [client 192.168.3.108:53791] End of script output before headers: rain.py, referer: http://192.168.8.91/big/index.py?op=rain&date=2016-06
[Fri Jun 17 15:29:54.218233 2016] [cgi:error] [pid 2472:tid 1020] [client 192.168.3.108:53791] AH01215:   File "C:/www/nspo_esok/SourceCode/big/rain.py", line 27\r, referer: http://192.168.8.91/big/index.py?op=rain&date=2016-06
[Fri Jun 17 15:29:54.218233 2016] [cgi:error] [pid 2472:tid 1020] [client 192.168.3.108:53791] AH01215:     break;\r, referer: http://192.168.8.91/big/index.py?op=rain&date=2016-06
[Fri Jun 17 15:29:54.218233 2016] [cgi:error] [pid 2472:tid 1020] [client 192.168.3.108:53791] AH01215: SyntaxError: 'break' outside loop\r, referer: http://192.168.8.91/big/index.py?op=rain&date=2016-06
[Fri Jun 17 15:30:04.273376 2016] [cgi:error] [pid 2472:tid 1020] [client 192.168.3.108:53798] End of script output before headers: rain.py, referer: http://192.168.8.91/big/index.py?op=rain&date=2016-06
[Fri Jun 17 15:30:04.273376 2016] [cgi:error] [pid 2472:tid 1020] [client 192.168.3.108:53798] AH01215:   File "C:/www/nspo_esok/SourceCode/big/rain.py", line 27\r, referer: http://192.168.8.91/big/index.py?op=rain&date=2016-06
[Fri Jun 17 15:30:04.273376 2016] [cgi:error] [pid 2472:tid 1020] [client 192.168.3.108:53798] AH01215:     break;\r, referer: http://192.168.8.91/big/index.py?op=rain&date=2016-06
[Fri Jun 17 15:30:04.273376 2016] [cgi:error] [pid 2472:tid 1020] [client 192.168.3.108:53798] AH01215: SyntaxError: 'break' outside loop\r, referer: http://192.168.8.91/big/index.py?op=rain&date=2016-06
[Sat Jun 18 01:43:32.818864 2016] [cgi:error] [pid 2472:tid 1012] [client 115.230.125.146:4883] script not found or unable to stat: C:/wamp/apache2/cgi-bin/common
[Sat Jun 18 01:45:39.550476 2016] [:error] [pid 2472:tid 1012] [client 104.148.71.34:3946] script 'C:/www/nspo_esok/SourceCode/azenv.php' not found or unable to stat
[Sat Jun 18 07:09:50.505364 2016] [:error] [pid 2472:tid 1012] [client 91.196.50.33:46504] script 'C:/www/nspo_esok/SourceCode/testproxy.php' not found or unable to stat
[Sat Jun 18 13:26:14.640243 2016] [cgi:error] [pid 2472:tid 1000] [client 115.230.125.146:4762] script not found or unable to stat: C:/wamp/apache2/cgi-bin/common
[Sat Jun 18 16:55:52.279802 2016] [:error] [pid 2472:tid 1012] [client 104.148.71.34:1530] script 'C:/www/nspo_esok/SourceCode/azenv.php' not found or unable to stat
[Sun Jun 19 04:20:36.417646 2016] [:error] [pid 2472:tid 1004] [client 185.25.148.240:46650] script 'C:/www/nspo_esok/SourceCode/testproxy.php' not found or unable to stat
[Sun Jun 19 10:44:52.268818 2016] [:error] [pid 2472:tid 1004] [client 104.148.71.34:4621] script 'C:/www/nspo_esok/SourceCode/azenv.php' not found or unable to stat
[Sun Jun 19 14:19:27.799327 2016] [:error] [pid 2472:tid 1012] [client 104.148.71.34:3635] script 'C:/www/nspo_esok/SourceCode/azenv.php' not found or unable to stat
[Sun Jun 19 16:25:38.417331 2016] [cgi:error] [pid 2472:tid 1004] [client 115.230.125.146:4850] script not found or unable to stat: C:/wamp/apache2/cgi-bin/common
[Mon Jun 20 05:45:10.174959 2016] [:error] [pid 2472:tid 1004] [client 185.49.14.190:59217] script 'C:/www/nspo_esok/SourceCode/testproxy.php' not found or unable to stat
[Mon Jun 20 18:06:40.816787 2016] [cgi:error] [pid 2472:tid 1020] [client 115.230.125.146:4269] script not found or unable to stat: C:/wamp/apache2/cgi-bin/common
[Tue Jun 21 06:10:37.545985 2016] [:error] [pid 2472:tid 1004] [client 185.49.14.190:40558] script 'C:/www/nspo_esok/SourceCode/testproxy.php' not found or unable to stat
[Tue Jun 21 06:22:26.730372 2016] [cgi:error] [pid 2472:tid 1004] [client 115.230.125.146:2759] script not found or unable to stat: C:/wamp/apache2/cgi-bin/common
[Tue Jun 21 17:55:55.814965 2016] [mpm_winnt:notice] [pid 3456:tid 352] AH00428: Parent: child process 2472 exited with status 255 -- Restarting.
[Tue Jun 21 17:55:56.637935 2016] [ssl:warn] [pid 3456:tid 352] AH01873: Init: Session Cache is not configured [hint: SSLSessionCache]
[Tue Jun 21 17:55:56.748199 2016] [mpm_winnt:notice] [pid 3456:tid 352] AH00455: Apache/2.4.6 (Win32) OpenSSL/0.9.8y PHP/5.4.0 configured -- resuming normal operations
[Tue Jun 21 17:55:56.749202 2016] [mpm_winnt:notice] [pid 3456:tid 352] AH00456: Apache Lounge VC10 Server built: Jul 16 2013 11:02:15
[Tue Jun 21 17:55:56.749202 2016] [core:notice] [pid 3456:tid 352] AH00094: Command line: 'C:\\www\\nspo_esok\\WebServer\\wamp\\apache2\\bin\\httpd.exe -d C:/www/nspo_esok/WebServer/wamp/apache2'
[Tue Jun 21 17:55:56.751207 2016] [mpm_winnt:notice] [pid 3456:tid 352] AH00418: Parent: Created child process 5552
[Tue Jun 21 17:55:58.892333 2016] [ssl:warn] [pid 5552:tid 252] AH01873: Init: Session Cache is not configured [hint: SSLSessionCache]
[Tue Jun 21 17:55:58.953479 2016] [mpm_winnt:notice] [pid 5552:tid 252] AH00354: Child: Starting 64 worker threads.
[Tue Jun 21 17:57:40.111678 2016] [mpm_winnt:notice] [pid 3456:tid 352] AH00428: Parent: child process 5552 exited with status 255 -- Restarting.
[Tue Jun 21 17:57:40.830399 2016] [ssl:warn] [pid 3456:tid 352] AH01873: Init: Session Cache is not configured [hint: SSLSessionCache]
[Tue Jun 21 17:57:40.859468 2016] [mpm_winnt:notice] [pid 3456:tid 352] AH00455: Apache/2.4.6 (Win32) OpenSSL/0.9.8y PHP/5.4.0 configured -- resuming normal operations
[Tue Jun 21 17:57:40.859468 2016] [mpm_winnt:notice] [pid 3456:tid 352] AH00456: Apache Lounge VC10 Server built: Jul 16 2013 11:02:15
[Tue Jun 21 17:57:40.859468 2016] [core:notice] [pid 3456:tid 352] AH00094: Command line: 'C:\\www\\nspo_esok\\WebServer\\wamp\\apache2\\bin\\httpd.exe -d C:/www/nspo_esok/WebServer/wamp/apache2'
[Tue Jun 21 17:57:40.861473 2016] [mpm_winnt:notice] [pid 3456:tid 352] AH00418: Parent: Created child process 3180
[Tue Jun 21 17:57:42.672810 2016] [ssl:warn] [pid 3180:tid 252] AH01873: Init: Session Cache is not configured [hint: SSLSessionCache]
[Tue Jun 21 17:57:42.725937 2016] [mpm_winnt:notice] [pid 3180:tid 252] AH00354: Child: Starting 64 worker threads.
[Tue Jun 21 17:57:44.159369 2016] [mpm_winnt:notice] [pid 3456:tid 352] AH00428: Parent: child process 3180 exited with status 255 -- Restarting.
[Tue Jun 21 17:57:44.784867 2016] [ssl:warn] [pid 3456:tid 352] AH01873: Init: Session Cache is not configured [hint: SSLSessionCache]
[Tue Jun 21 17:57:44.811931 2016] [mpm_winnt:notice] [pid 3456:tid 352] AH00455: Apache/2.4.6 (Win32) OpenSSL/0.9.8y PHP/5.4.0 configured -- resuming normal operations
[Tue Jun 21 17:57:44.811931 2016] [mpm_winnt:notice] [pid 3456:tid 352] AH00456: Apache Lounge VC10 Server built: Jul 16 2013 11:02:15
[Tue Jun 21 17:57:44.811931 2016] [core:notice] [pid 3456:tid 352] AH00094: Command line: 'C:\\www\\nspo_esok\\WebServer\\wamp\\apache2\\bin\\httpd.exe -d C:/www/nspo_esok/WebServer/wamp/apache2'
[Tue Jun 21 17:57:44.813936 2016] [mpm_winnt:notice] [pid 3456:tid 352] AH00418: Parent: Created child process 5724
[Tue Jun 21 17:57:46.788664 2016] [ssl:warn] [pid 5724:tid 252] AH01873: Init: Session Cache is not configured [hint: SSLSessionCache]
[Tue Jun 21 17:57:46.832770 2016] [mpm_winnt:notice] [pid 5724:tid 252] AH00354: Child: Starting 64 worker threads.
[Tue Jun 21 18:06:01.955108 2016] [:error] [pid 5724:tid 952] [client 210.69.128.56:12408] PHP Warning:  getimagesize(http://esoknspodb.nchc.org.tw/nspo_esok/images/thumbnail-default.png): failed to open stream: HTTP request failed!  in C:\\www\\nspo_esok\\SourceCode\\nspo_esok\\small.php on line 44, referer: http://ip7.gis.tw/nspo_esok/
[Tue Jun 21 18:06:01.955108 2016] [:error] [pid 5724:tid 952] [client 210.69.128.56:12408] PHP Warning:  Division by zero in C:\\www\\nspo_esok\\SourceCode\\nspo_esok\\small.php on line 50, referer: http://ip7.gis.tw/nspo_esok/
[Tue Jun 21 18:06:02.314743 2016] [:error] [pid 5724:tid 952] [client 210.69.128.56:12408] PHP Warning:  imagecreatetruecolor(): Invalid image dimensions in C:\\www\\nspo_esok\\SourceCode\\nspo_esok\\small.php on line 77, referer: http://ip7.gis.tw/nspo_esok/
[Tue Jun 21 18:08:17.381103 2016] [mpm_winnt:notice] [pid 3456:tid 352] AH00428: Parent: child process 5724 exited with status 255 -- Restarting.
[Tue Jun 21 18:08:18.241099 2016] [ssl:warn] [pid 3456:tid 352] AH01873: Init: Session Cache is not configured [hint: SSLSessionCache]
[Tue Jun 21 18:08:18.272372 2016] [mpm_winnt:notice] [pid 3456:tid 352] AH00455: Apache/2.4.6 (Win32) OpenSSL/0.9.8y PHP/5.4.0 configured -- resuming normal operations
[Tue Jun 21 18:08:18.272372 2016] [mpm_winnt:notice] [pid 3456:tid 352] AH00456: Apache Lounge VC10 Server built: Jul 16 2013 11:02:15
[Tue Jun 21 18:08:18.272372 2016] [core:notice] [pid 3456:tid 352] AH00094: Command line: 'C:\\www\\nspo_esok\\WebServer\\wamp\\apache2\\bin\\httpd.exe -d C:/www/nspo_esok/WebServer/wamp/apache2'
[Tue Jun 21 18:08:18.272372 2016] [mpm_winnt:notice] [pid 3456:tid 352] AH00418: Parent: Created child process 4864
[Tue Jun 21 18:08:20.289454 2016] [ssl:warn] [pid 4864:tid 252] AH01873: Init: Session Cache is not configured [hint: SSLSessionCache]
[Tue Jun 21 18:08:20.336363 2016] [mpm_winnt:notice] [pid 4864:tid 252] AH00354: Child: Starting 64 worker threads.
[Tue Jun 21 18:09:51.926600 2016] [mpm_winnt:notice] [pid 2256:tid 360] AH00422: Parent: Received shutdown signal -- Shutting down the server.
[Tue Jun 21 18:09:51.926600 2016] [mpm_winnt:notice] [pid 3456:tid 352] AH00422: Parent: Received shutdown signal -- Shutting down the server.
[Tue Jun 21 18:09:54.973800 2016] [mpm_winnt:notice] [pid 5100:tid 256] AH00364: Child: All worker threads have exited.
[Tue Jun 21 18:09:55.675802 2016] [:error] [pid 4864:tid 1196] [client 192.168.6.114:55281] PHP Warning:  PDO::__construct(): MySQL server has gone away in C:\\www\\nspo_esok\\SourceCode\\nspo_esok\\inc\\config.php on line 74, referer: http://192.168.8.91/nspo_esok/
[Tue Jun 21 18:09:55.675802 2016] [:error] [pid 4864:tid 1196] [client 192.168.6.114:55281] PHP Warning:  PDO::__construct(): Error while reading greeting packet. PID=4864 in C:\\www\\nspo_esok\\SourceCode\\nspo_esok\\inc\\config.php on line 74, referer: http://192.168.8.91/nspo_esok/
[Tue Jun 21 18:10:01.681812 2016] [mpm_winnt:notice] [pid 2256:tid 360] AH00430: Parent: Child process 5100 exited successfully.
[Tue Jun 21 18:15:36.648670 2016] [core:warn] [pid 1956:tid 352] AH00098: pid file C:/wamp/apache2/logs/httpd.pid overwritten -- Unclean shutdown of previous Apache run?
[Tue Jun 21 18:15:36.945070 2016] [ssl:warn] [pid 1844:tid 356] AH01873: Init: Session Cache is not configured [hint: SSLSessionCache]
[Tue Jun 21 18:15:37.397471 2016] [ssl:warn] [pid 1956:tid 352] AH01873: Init: Session Cache is not configured [hint: SSLSessionCache]
[Tue Jun 21 18:15:44.667084 2016] [mpm_winnt:notice] [pid 1956:tid 352] AH00455: Apache/2.4.6 (Win32) OpenSSL/0.9.8y PHP/5.4.0 configured -- resuming normal operations
[Tue Jun 21 18:15:44.667084 2016] [mpm_winnt:notice] [pid 1956:tid 352] AH00456: Apache Lounge VC10 Server built: Jul 16 2013 11:02:15
[Tue Jun 21 18:15:44.667084 2016] [core:notice] [pid 1956:tid 352] AH00094: Command line: 'C:\\www\\nspo_esok\\WebServer\\wamp\\apache2\\bin\\httpd.exe -d C:/www/nspo_esok/WebServer/wamp/apache2'
[Tue Jun 21 18:15:44.667084 2016] [mpm_winnt:notice] [pid 1844:tid 356] AH00455: Apache/2.4.6 (Win32) OpenSSL/0.9.8y PHP/5.4.0 configured -- resuming normal operations
[Tue Jun 21 18:15:44.667084 2016] [mpm_winnt:notice] [pid 1844:tid 356] AH00456: Apache Lounge VC10 Server built: Jul 16 2013 11:02:15
[Tue Jun 21 18:15:44.667084 2016] [core:notice] [pid 1844:tid 356] AH00094: Command line: 'C:\\wamp\\apache2\\bin\\httpd.exe -d C:/wamp/apache2'
[Tue Jun 21 18:15:46.960288 2016] [mpm_winnt:notice] [pid 1844:tid 356] AH00418: Parent: Created child process 1464
[Tue Jun 21 18:15:47.397088 2016] [mpm_winnt:notice] [pid 1956:tid 352] AH00418: Parent: Created child process 2060
[Tue Jun 21 18:15:49.846293 2016] [ssl:warn] [pid 1464:tid 256] AH01873: Init: Session Cache is not configured [hint: SSLSessionCache]
[Tue Jun 21 18:15:49.893093 2016] [mpm_winnt:notice] [pid 1464:tid 256] AH00354: Child: Starting 64 worker threads.
[Tue Jun 21 18:15:49.893093 2016] [ssl:warn] [pid 2060:tid 252] AH01873: Init: Session Cache is not configured [hint: SSLSessionCache]
[Tue Jun 21 18:15:49.924293 2016] [mpm_winnt:notice] [pid 2060:tid 252] AH00354: Child: Starting 64 worker threads.
[Wed Jun 22 20:39:34.667177 2016] [:error] [pid 2060:tid 972] [client 104.148.71.34:2141] script 'C:/www/nspo_esok/SourceCode/azenv.php' not found or unable to stat
[Wed Jun 22 22:12:31.879701 2016] [cgi:error] [pid 2060:tid 972] [client 187.160.112.235:52985] script not found or unable to stat: C:/www/nspo_esok/SourceCode/hndUnblock.cgi
[Wed Jun 22 22:12:32.316502 2016] [cgi:error] [pid 2060:tid 972] [client 187.160.112.235:52988] script not found or unable to stat: C:/www/nspo_esok/SourceCode/tmUnblock.cgi
[Thu Jun 23 05:06:14.447849 2016] [cgi:error] [pid 2060:tid 972] [client 115.230.125.146:3693] script not found or unable to stat: C:/wamp/apache2/cgi-bin/common
[Thu Jun 23 14:46:26.606141 2016] [:error] [pid 2060:tid 964] [client 104.148.71.34:1681] script 'C:/www/nspo_esok/SourceCode/azenv.php' not found or unable to stat
[Fri Jun 24 02:13:47.328986 2016] [:error] [pid 2060:tid 996] [client 89.248.174.4:60219] script 'C:/www/nspo_esok/SourceCode/xmlrpc.php' not found or unable to stat
[Fri Jun 24 05:37:31.252768 2016] [core:error] [pid 2060:tid 996] (20024)The given path is misformatted or contained invalid characters: [client 198.154.63.32:56572] AH00127: Cannot map GET /w00tw00t.at.blackhats.romanian.anti-sec:) HTTP/1.1 to file
[Sat Jun 25 22:58:04.993406 2016] [cgi:error] [pid 2060:tid 952] [client 115.230.125.146:3972] script not found or unable to stat: C:/wamp/apache2/cgi-bin/common
[Sun Jun 26 00:28:02.431217 2016] [:error] [pid 2060:tid 952] [client 104.148.71.34:3435] script 'C:/www/nspo_esok/SourceCode/azenv.php' not found or unable to stat
[Sun Jun 26 23:26:57.824076 2016] [cgi:error] [pid 2060:tid 952] [client 115.230.125.146:3792] script not found or unable to stat: C:/wamp/apache2/cgi-bin/common
[Mon Jun 27 09:19:17.362908 2016] [:error] [pid 2060:tid 952] [client 191.96.249.54:43936] script 'C:/www/nspo_esok/SourceCode/xmlrpc.php' not found or unable to stat
[Mon Jun 27 23:59:11.787494 2016] [cgi:error] [pid 2060:tid 952] [client 115.230.125.146:2487] script not found or unable to stat: C:/wamp/apache2/cgi-bin/common
[Tue Jun 28 04:55:43.345383 2016] [:error] [pid 2060:tid 952] [client 104.148.71.34:1817] script 'C:/www/nspo_esok/SourceCode/azenv.php' not found or unable to stat
[Tue Jun 28 13:57:52.664420 2016] [mpm_winnt:notice] [pid 1844:tid 356] AH00422: Parent: Received shutdown signal -- Shutting down the server.
[Tue Jun 28 13:57:52.695620 2016] [mpm_winnt:notice] [pid 1956:tid 352] AH00422: Parent: Received shutdown signal -- Shutting down the server.
[Tue Jun 28 13:57:57.734429 2016] [mpm_winnt:notice] [pid 1464:tid 256] AH00364: Child: All worker threads have exited.
[Tue Jun 28 13:57:57.765629 2016] [mpm_winnt:notice] [pid 2060:tid 252] AH00364: Child: All worker threads have exited.
[Tue Jun 28 13:57:57.937229 2016] [mpm_winnt:notice] [pid 1844:tid 356] AH00430: Parent: Child process 1464 exited successfully.
[Tue Jun 28 13:57:58.077629 2016] [mpm_winnt:notice] [pid 1956:tid 352] AH00430: Parent: Child process 2060 exited successfully.
[Tue Jun 28 13:57:58.077629 2016] [core:error] [pid 1956:tid 352] (OS 2)系統找不到指定的檔案。  : AH00095: failed to remove PID file C:/wamp/apache2/logs/httpd.pid
[Wed Jun 29 11:17:43.429256 2016] [ssl:warn] [pid 1892:tid 352] AH01873: Init: Session Cache is not configured [hint: SSLSessionCache]
[Wed Jun 29 11:17:43.491656 2016] [core:warn] [pid 1840:tid 356] AH00098: pid file C:/wamp/apache2/logs/httpd.pid overwritten -- Unclean shutdown of previous Apache run?
[Wed Jun 29 11:17:43.928457 2016] [ssl:warn] [pid 1840:tid 356] AH01873: Init: Session Cache is not configured [hint: SSLSessionCache]
[Wed Jun 29 11:17:46.689661 2016] [mpm_winnt:notice] [pid 1892:tid 352] AH00455: Apache/2.4.6 (Win32) OpenSSL/0.9.8y PHP/5.4.0 configured -- resuming normal operations
[Wed Jun 29 11:17:46.689661 2016] [mpm_winnt:notice] [pid 1840:tid 356] AH00455: Apache/2.4.6 (Win32) OpenSSL/0.9.8y PHP/5.4.0 configured -- resuming normal operations
[Wed Jun 29 11:17:46.689661 2016] [mpm_winnt:notice] [pid 1892:tid 352] AH00456: Apache Lounge VC10 Server built: Jul 16 2013 11:02:15
[Wed Jun 29 11:17:46.689661 2016] [mpm_winnt:notice] [pid 1840:tid 356] AH00456: Apache Lounge VC10 Server built: Jul 16 2013 11:02:15
[Wed Jun 29 11:17:46.689661 2016] [core:notice] [pid 1892:tid 352] AH00094: Command line: 'C:\\www\\nspo_esok\\WebServer\\wamp\\apache2\\bin\\httpd.exe -d C:/www/nspo_esok/WebServer/wamp/apache2'
[Wed Jun 29 11:17:46.689661 2016] [core:notice] [pid 1840:tid 356] AH00094: Command line: 'C:\\wamp\\apache2\\bin\\httpd.exe -d C:/wamp/apache2'
[Wed Jun 29 11:17:46.720862 2016] [mpm_winnt:notice] [pid 1840:tid 356] AH00418: Parent: Created child process 1936
[Wed Jun 29 11:17:46.720862 2016] [mpm_winnt:notice] [pid 1892:tid 352] AH00418: Parent: Created child process 1944
[Wed Jun 29 11:17:48.748865 2016] [ssl:warn] [pid 1944:tid 252] AH01873: Init: Session Cache is not configured [hint: SSLSessionCache]
[Wed Jun 29 11:17:48.795665 2016] [mpm_winnt:notice] [pid 1944:tid 252] AH00354: Child: Starting 64 worker threads.
[Wed Jun 29 11:17:48.858065 2016] [ssl:warn] [pid 1936:tid 256] AH01873: Init: Session Cache is not configured [hint: SSLSessionCache]
[Wed Jun 29 11:17:48.904865 2016] [mpm_winnt:notice] [pid 1936:tid 256] AH00354: Child: Starting 64 worker threads.
[Wed Jun 29 16:38:47.501814 2016] [mpm_winnt:error] [pid 1936:tid 2344] AH00326: Server ran out of threads to serve requests. Consider raising the ThreadsPerChild setting
[Wed Jun 29 19:09:09.109576 2016] [proxy_http:error] [pid 1936:tid 1036] (OS 10060)連線嘗試失敗，因為連線對象有一段時間並未正確回應，或是連線建立失敗，因為連線的主機無法回應。  : [client 192.168.8.91:56900] AH01102: error reading status line from remote server 192.168.8.91:81
[Wed Jun 29 19:09:09.125213 2016] [proxy_http:error] [pid 1936:tid 944] (OS 10060)連線嘗試失敗，因為連線對象有一段時間並未正確回應，或是連線建立失敗，因為連線的主機無法回應。  : [client 192.168.8.91:56915] AH01102: error reading status line from remote server 192.168.8.91:81
[Wed Jun 29 19:09:09.125213 2016] [proxy_http:error] [pid 1936:tid 988] (OS 10060)連線嘗試失敗，因為連線對象有一段時間並未正確回應，或是連線建立失敗，因為連線的主機無法回應。  : [client 192.168.8.91:56908] AH01102: error reading status line from remote server 192.168.8.91:81
[Wed Jun 29 19:09:09.125213 2016] [proxy_http:error] [pid 1936:tid 932] (OS 10060)連線嘗試失敗，因為連線對象有一段時間並未正確回應，或是連線建立失敗，因為連線的主機無法回應。  : [client 192.168.8.91:56917] AH01102: error reading status line from remote server 192.168.8.91:81
[Wed Jun 29 19:09:09.125213 2016] [proxy:error] [pid 1936:tid 1036] [client 192.168.8.91:56900] AH00898: Error reading from remote server returned by /nspo_taiwan/
[Wed Jun 29 19:09:09.125213 2016] [proxy_http:error] [pid 1936:tid 984] (OS 10060)連線嘗試失敗，因為連線對象有一段時間並未正確回應，或是連線建立失敗，因為連線的主機無法回應。  : [client 192.168.8.91:56909] AH01102: error reading status line from remote server 192.168.8.91:81
[Wed Jun 29 19:09:09.125213 2016] [proxy:error] [pid 1936:tid 984] [client 192.168.8.91:56909] AH00898: Error reading from remote server returned by /nspo_taiwan/
[Wed Jun 29 19:09:09.125213 2016] [proxy_http:error] [pid 1936:tid 1020] (OS 10060)連線嘗試失敗，因為連線對象有一段時間並未正確回應，或是連線建立失敗，因為連線的主機無法回應。  : [client 192.168.8.91:56903] AH01102: error reading status line from remote server 192.168.8.91:81
[Wed Jun 29 19:09:09.125213 2016] [proxy:error] [pid 1936:tid 1020] [client 192.168.8.91:56903] AH00898: Error reading from remote server returned by /nspo_taiwan/
[Wed Jun 29 19:09:09.125213 2016] [proxy:error] [pid 1936:tid 944] [client 192.168.8.91:56915] AH00898: Error reading from remote server returned by /nspo_taiwan/
[Wed Jun 29 19:09:09.125213 2016] [proxy:error] [pid 1936:tid 988] [client 192.168.8.91:56908] AH00898: Error reading from remote server returned by /nspo_taiwan/
[Wed Jun 29 19:09:09.125213 2016] [proxy_http:error] [pid 1936:tid 976] (OS 10060)連線嘗試失敗，因為連線對象有一段時間並未正確回應，或是連線建立失敗，因為連線的主機無法回應。  : [client 192.168.8.91:56911] AH01102: error reading status line from remote server 192.168.8.91:81
[Wed Jun 29 19:09:09.125213 2016] [proxy:error] [pid 1936:tid 976] [client 192.168.8.91:56911] AH00898: Error reading from remote server returned by /nspo_taiwan/
[Wed Jun 29 19:09:09.125213 2016] [proxy:error] [pid 1936:tid 932] [client 192.168.8.91:56917] AH00898: Error reading from remote server returned by /nspo_taiwan/
[Wed Jun 29 19:09:09.125213 2016] [proxy_http:error] [pid 1936:tid 1012] (OS 10060)連線嘗試失敗，因為連線對象有一段時間並未正確回應，或是連線建立失敗，因為連線的主機無法回應。  : [client 192.168.8.91:56905] AH01102: error reading status line from remote server 192.168.8.91:81
[Wed Jun 29 19:09:09.125213 2016] [proxy:error] [pid 1936:tid 1012] [client 192.168.8.91:56905] AH00898: Error reading from remote server returned by /nspo_taiwan/
[Wed Jun 29 19:09:09.125213 2016] [proxy_http:error] [pid 1936:tid 992] (OS 10060)連線嘗試失敗，因為連線對象有一段時間並未正確回應，或是連線建立失敗，因為連線的主機無法回應。  : [client 192.168.8.91:56907] AH01102: error reading status line from remote server 192.168.8.91:81
[Wed Jun 29 19:09:09.125213 2016] [proxy:error] [pid 1936:tid 992] [client 192.168.8.91:56907] AH00898: Error reading from remote server returned by /nspo_taiwan/
[Wed Jun 29 19:09:09.125213 2016] [proxy_http:error] [pid 1936:tid 964] (OS 10060)連線嘗試失敗，因為連線對象有一段時間並未正確回應，或是連線建立失敗，因為連線的主機無法回應。  : [client 192.168.8.91:56914] AH01102: error reading status line from remote server 192.168.8.91:81
[Wed Jun 29 19:09:09.125213 2016] [proxy:error] [pid 1936:tid 964] [client 192.168.8.91:56914] AH00898: Error reading from remote server returned by /nspo_taiwan/
[Wed Jun 29 19:09:09.125213 2016] [proxy_http:error] [pid 1936:tid 1016] (OS 10060)連線嘗試失敗，因為連線對象有一段時間並未正確回應，或是連線建立失敗，因為連線的主機無法回應。  : [client 192.168.8.91:56904] AH01102: error reading status line from remote server 192.168.8.91:81
[Wed Jun 29 19:09:09.125213 2016] [proxy:error] [pid 1936:tid 1016] [client 192.168.8.91:56904] AH00898: Error reading from remote server returned by /nspo_taiwan/
[Wed Jun 29 19:09:09.125213 2016] [proxy_http:error] [pid 1936:tid 996] (OS 10060)連線嘗試失敗，因為連線對象有一段時間並未正確回應，或是連線建立失敗，因為連線的主機無法回應。  : [client 192.168.8.91:56906] AH01102: error reading status line from remote server 192.168.8.91:81
[Wed Jun 29 19:09:09.125213 2016] [proxy:error] [pid 1936:tid 996] [client 192.168.8.91:56906] AH00898: Error reading from remote server returned by /nspo_taiwan/
[Wed Jun 29 19:09:09.125213 2016] [proxy_http:error] [pid 1936:tid 980] (OS 10060)連線嘗試失敗，因為連線對象有一段時間並未正確回應，或是連線建立失敗，因為連線的主機無法回應。  : [client 192.168.8.91:56910] AH01102: error reading status line from remote server 192.168.8.91:81
[Wed Jun 29 19:09:09.125213 2016] [proxy:error] [pid 1936:tid 980] [client 192.168.8.91:56910] AH00898: Error reading from remote server returned by /nspo_taiwan/
[Wed Jun 29 19:09:09.125213 2016] [proxy_http:error] [pid 1936:tid 972] (OS 10060)連線嘗試失敗，因為連線對象有一段時間並未正確回應，或是連線建立失敗，因為連線的主機無法回應。  : [client 192.168.8.91:56912] AH01102: error reading status line from remote server 192.168.8.91:81
[Wed Jun 29 19:09:09.125213 2016] [proxy:error] [pid 1936:tid 972] [client 192.168.8.91:56912] AH00898: Error reading from remote server returned by /nspo_taiwan/
[Wed Jun 29 19:09:09.125213 2016] [proxy_http:error] [pid 1936:tid 968] (OS 10060)連線嘗試失敗，因為連線對象有一段時間並未正確回應，或是連線建立失敗，因為連線的主機無法回應。  : [client 192.168.8.91:56913] AH01102: error reading status line from remote server 192.168.8.91:81
[Wed Jun 29 19:09:09.125213 2016] [proxy_http:error] [pid 1936:tid 936] (OS 10060)連線嘗試失敗，因為連線對象有一段時間並未正確回應，或是連線建立失敗，因為連線的主機無法回應。  : [client 192.168.8.91:56916] AH01102: error reading status line from remote server 192.168.8.91:81
[Wed Jun 29 19:09:09.125213 2016] [proxy:error] [pid 1936:tid 968] [client 192.168.8.91:56913] AH00898: Error reading from remote server returned by /nspo_taiwan/
[Wed Jun 29 19:09:09.125213 2016] [proxy:error] [pid 1936:tid 936] [client 192.168.8.91:56916] AH00898: Error reading from remote server returned by /nspo_taiwan/
[Wed Jun 29 19:09:09.109576 2016] [proxy_http:error] [pid 1936:tid 1044] (OS 10060)連線嘗試失敗，因為連線對象有一段時間並未正確回應，或是連線建立失敗，因為連線的主機無法回應。  : [client 192.168.8.91:56898] AH01102: error reading status line from remote server 192.168.8.91:81
[Wed Jun 29 19:09:09.125213 2016] [proxy:error] [pid 1936:tid 1044] [client 192.168.8.91:56898] AH00898: Error reading from remote server returned by /nspo_taiwan/
[Wed Jun 29 19:09:09.109576 2016] [proxy_http:error] [pid 1936:tid 1056] (OS 10060)連線嘗試失敗，因為連線對象有一段時間並未正確回應，或是連線建立失敗，因為連線的主機無法回應。  : [client 192.168.3.117:57607] AH01102: error reading status line from remote server 192.168.8.91:81
[Wed Jun 29 19:09:09.125213 2016] [proxy:error] [pid 1936:tid 1056] [client 192.168.3.117:57607] AH00898: Error reading from remote server returned by /nspo_taiwan/
[Wed Jun 29 19:09:09.109576 2016] [proxy_http:error] [pid 1936:tid 1052] (OS 10060)連線嘗試失敗，因為連線對象有一段時間並未正確回應，或是連線建立失敗，因為連線的主機無法回應。  : [client 192.168.8.91:56896] AH01102: error reading status line from remote server 192.168.8.91:81
[Wed Jun 29 19:09:09.125213 2016] [proxy:error] [pid 1936:tid 1052] [client 192.168.8.91:56896] AH00898: Error reading from remote server returned by /nspo_taiwan/
[Wed Jun 29 19:09:09.109576 2016] [proxy_http:error] [pid 1936:tid 1028] (OS 10060)連線嘗試失敗，因為連線對象有一段時間並未正確回應，或是連線建立失敗，因為連線的主機無法回應。  : [client 192.168.8.91:56902] AH01102: error reading status line from remote server 192.168.8.91:81
[Wed Jun 29 19:09:09.125213 2016] [proxy:error] [pid 1936:tid 1028] [client 192.168.8.91:56902] AH00898: Error reading from remote server returned by /nspo_taiwan/
[Wed Jun 29 19:09:09.109576 2016] [proxy_http:error] [pid 1936:tid 1048] (OS 10060)連線嘗試失敗，因為連線對象有一段時間並未正確回應，或是連線建立失敗，因為連線的主機無法回應。  : [client 192.168.8.91:56897] AH01102: error reading status line from remote server 192.168.8.91:81
[Wed Jun 29 19:09:09.125213 2016] [proxy:error] [pid 1936:tid 1048] [client 192.168.8.91:56897] AH00898: Error reading from remote server returned by /nspo_taiwan/
[Wed Jun 29 19:09:09.109576 2016] [proxy_http:error] [pid 1936:tid 1040] (OS 10060)連線嘗試失敗，因為連線對象有一段時間並未正確回應，或是連線建立失敗，因為連線的主機無法回應。  : [client 192.168.8.91:56899] AH01102: error reading status line from remote server 192.168.8.91:81
[Wed Jun 29 19:09:09.140849 2016] [proxy:error] [pid 1936:tid 1040] [client 192.168.8.91:56899] AH00898: Error reading from remote server returned by /nspo_taiwan/
[Wed Jun 29 19:09:09.140849 2016] [proxy_http:error] [pid 1936:tid 776] (OS 10060)連線嘗試失敗，因為連線對象有一段時間並未正確回應，或是連線建立失敗，因為連線的主機無法回應。  : [client 192.168.8.91:56934] AH01102: error reading status line from remote server 192.168.8.91:81
[Wed Jun 29 19:09:09.140849 2016] [proxy:error] [pid 1936:tid 776] [client 192.168.8.91:56934] AH00898: Error reading from remote server returned by /nspo_taiwan/
[Wed Jun 29 19:09:09.109576 2016] [proxy_http:error] [pid 1936:tid 1032] (OS 10060)連線嘗試失敗，因為連線對象有一段時間並未正確回應，或是連線建立失敗，因為連線的主機無法回應。  : [client 192.168.8.91:56901] AH01102: error reading status line from remote server 192.168.8.91:81
[Wed Jun 29 19:09:09.140849 2016] [proxy:error] [pid 1936:tid 1032] [client 192.168.8.91:56901] AH00898: Error reading from remote server returned by /nspo_taiwan/
[Wed Jun 29 19:09:09.140849 2016] [proxy_http:error] [pid 1936:tid 804] (OS 10060)連線嘗試失敗，因為連線對象有一段時間並未正確回應，或是連線建立失敗，因為連線的主機無法回應。  : [client 192.168.8.91:56931] AH01102: error reading status line from remote server 192.168.8.91:81
[Wed Jun 29 19:09:09.140849 2016] [proxy:error] [pid 1936:tid 804] [client 192.168.8.91:56931] AH00898: Error reading from remote server returned by /nspo_taiwan/
[Wed Jun 29 19:09:09.140849 2016] [proxy_http:error] [pid 1936:tid 820] (OS 10060)連線嘗試失敗，因為連線對象有一段時間並未正確回應，或是連線建立失敗，因為連線的主機無法回應。  : [client 192.168.8.91:56929] AH01102: error reading status line from remote server 192.168.8.91:81
[Wed Jun 29 19:09:09.140849 2016] [proxy:error] [pid 1936:tid 820] [client 192.168.8.91:56929] AH00898: Error reading from remote server returned by /nspo_taiwan/
[Wed Jun 29 19:09:09.140849 2016] [proxy_http:error] [pid 1936:tid 884] (OS 10060)連線嘗試失敗，因為連線對象有一段時間並未正確回應，或是連線建立失敗，因為連線的主機無法回應。  : [client 192.168.8.91:56922] AH01102: error reading status line from remote server 192.168.8.91:81
[Wed Jun 29 19:09:09.140849 2016] [proxy:error] [pid 1936:tid 884] [client 192.168.8.91:56922] AH00898: Error reading from remote server returned by /nspo_taiwan/
[Wed Jun 29 19:09:09.140849 2016] [proxy_http:error] [pid 1936:tid 904] (OS 10060)連線嘗試失敗，因為連線對象有一段時間並未正確回應，或是連線建立失敗，因為連線的主機無法回應。  : [client 192.168.8.91:56920] AH01102: error reading status line from remote server 192.168.8.91:81
[Wed Jun 29 19:09:09.140849 2016] [proxy:error] [pid 1936:tid 904] [client 192.168.8.91:56920] AH00898: Error reading from remote server returned by /nspo_taiwan/
[Wed Jun 29 19:09:09.140849 2016] [proxy_http:error] [pid 1936:tid 860] (OS 10060)連線嘗試失敗，因為連線對象有一段時間並未正確回應，或是連線建立失敗，因為連線的主機無法回應。  : [client 192.168.8.91:56925] AH01102: error reading status line from remote server 192.168.8.91:81
[Wed Jun 29 19:09:09.140849 2016] [proxy:error] [pid 1936:tid 860] [client 192.168.8.91:56925] AH00898: Error reading from remote server returned by /nspo_taiwan/
[Wed Jun 29 19:09:09.140849 2016] [proxy_http:error] [pid 1936:tid 876] (OS 10060)連線嘗試失敗，因為連線對象有一段時間並未正確回應，或是連線建立失敗，因為連線的主機無法回應。  : [client 192.168.8.91:56923] AH01102: error reading status line from remote server 192.168.8.91:81
[Wed Jun 29 19:09:09.140849 2016] [proxy:error] [pid 1936:tid 876] [client 192.168.8.91:56923] AH00898: Error reading from remote server returned by /nspo_taiwan/
[Wed Jun 29 19:09:09.156485 2016] [proxy_http:error] [pid 1936:tid 716] (OS 10060)連線嘗試失敗，因為連線對象有一段時間並未正確回應，或是連線建立失敗，因為連線的主機無法回應。  : [client 192.168.8.91:56940] AH01102: error reading status line from remote server 192.168.8.91:81
[Wed Jun 29 19:09:09.156485 2016] [proxy:error] [pid 1936:tid 716] [client 192.168.8.91:56940] AH00898: Error reading from remote server returned by /nspo_taiwan/
[Wed Jun 29 19:09:09.156485 2016] [proxy_http:error] [pid 1936:tid 608] (OS 10060)連線嘗試失敗，因為連線對象有一段時間並未正確回應，或是連線建立失敗，因為連線的主機無法回應。  : [client 192.168.8.91:56950] AH01102: error reading status line from remote server 192.168.8.91:81
[Wed Jun 29 19:09:09.156485 2016] [proxy:error] [pid 1936:tid 608] [client 192.168.8.91:56950] AH00898: Error reading from remote server returned by /nspo_taiwan/
[Wed Jun 29 19:09:09.156485 2016] [proxy_http:error] [pid 1936:tid 568] (OS 10060)連線嘗試失敗，因為連線對象有一段時間並未正確回應，或是連線建立失敗，因為連線的主機無法回應。  : [client 192.168.8.91:56954] AH01102: error reading status line from remote server 192.168.8.91:81
